================================================================================
python : Traceback (most recent call last):
At line:1 char:50
+ ... Freelancing" ; python test_groq_api.py 2>&1 > test_output.txt ; get-c ...
+                    ~~~~~~~~~~~~~~~~~~~~~~~~~~~~~~~~~~~~~~~~~~~~~~
    + CategoryInfo          : NotSpecified: (Traceback (most recent call last) 
   ::String) [], RemoteException
    + FullyQualifiedErrorId : NativeCommandError
 
  File "C:\Users\adm\.vscode\Products\Freelancing\test_groq_api.py", line 26, 
in <module>
    print("\U0001f9ea GROQ API LOCAL TEST SUITE")
  File "C:\Users\adm\AppData\Local\Programs\Python\Python311\Lib\encodings\cp12
52.py", line 19, in encode
    return codecs.charmap_encode(input,self.errors,encoding_table)[0]
           ^^^^^^^^^^^^^^^^^^^^^^^^^^^^^^^^^^^^^^^^^^^^^^^^^^^^^^^
UnicodeEncodeError: 'charmap' codec can't encode character '\U0001f9ea' in 
position 0: character maps to <undefined>
